2017/03/26 07:54:45 [error] 31985#31985: *6 open() "/usr/share/nginx/8hour/app/the-dayz/the-dayz-server/static_cdn/suit/js/jquery-2.2.4.min.js" failed (2: No such file or directory), client: 59.10.2.87, server: localhost, request: "GET /static/suit/js/jquery-2.2.4.min.js HTTP/1.1", host: "8hourmakers.com", referrer: "http://8hourmakers.com/the_dayz/admin/login/?next=/the_dayz/admin/"
2017/03/26 07:54:45 [error] 31985#31985: *6 open() "/usr/share/nginx/8hour/app/the-dayz/the-dayz-server/static_cdn/suit/bootstrap/js/bootstrap.min.js" failed (2: No such file or directory), client: 59.10.2.87, server: localhost, request: "GET /static/suit/bootstrap/js/bootstrap.min.js HTTP/1.1", host: "8hourmakers.com", referrer: "http://8hourmakers.com/the_dayz/admin/login/?next=/the_dayz/admin/"
2017/03/26 07:54:46 [error] 31985#31985: *6 open() "/usr/share/nginx/8hour/app/the-dayz/the-dayz-server/static_cdn/suit/js/suit.js" failed (2: No such file or directory), client: 59.10.2.87, server: localhost, request: "GET /static/suit/js/suit.js HTTP/1.1", host: "8hourmakers.com", referrer: "http://8hourmakers.com/the_dayz/admin/login/?next=/the_dayz/admin/"
2017/03/26 07:54:58 [error] 32044#32044: *1 open() "/usr/share/nginx/8hour/app/the-dayz/the-dayz-server/static_cdn/suit/bootstrap/css/bootstrap.min.css" failed (2: No such file or directory), client: 59.10.2.87, server: localhost, request: "GET /static/suit/bootstrap/css/bootstrap.min.css HTTP/1.1", host: "8hourmakers.com", referrer: "http://8hourmakers.com/the_dayz/admin/login/?next=/the_dayz/admin/"
2017/03/26 07:54:58 [error] 32044#32044: *1 open() "/usr/share/nginx/8hour/app/the-dayz/the-dayz-server/static_cdn/suit/css/suit.css" failed (2: No such file or directory), client: 59.10.2.87, server: localhost, request: "GET /static/suit/css/suit.css HTTP/1.1", host: "8hourmakers.com", referrer: "http://8hourmakers.com/the_dayz/admin/login/?next=/the_dayz/admin/"
2017/03/26 07:54:59 [error] 32044#32044: *3 open() "/usr/share/nginx/8hour/app/the-dayz/the-dayz-server/static_cdn/suit/js/jquery-2.2.4.min.js" failed (2: No such file or directory), client: 59.10.2.87, server: localhost, request: "GET /static/suit/js/jquery-2.2.4.min.js HTTP/1.1", host: "8hourmakers.com", referrer: "http://8hourmakers.com/the_dayz/admin/login/?next=/the_dayz/admin/"
2017/03/26 07:54:59 [error] 32044#32044: *4 open() "/usr/share/nginx/8hour/app/the-dayz/the-dayz-server/static_cdn/suit/bootstrap/js/bootstrap.min.js" failed (2: No such file or directory), client: 59.10.2.87, server: localhost, request: "GET /static/suit/bootstrap/js/bootstrap.min.js HTTP/1.1", host: "8hourmakers.com", referrer: "http://8hourmakers.com/the_dayz/admin/login/?next=/the_dayz/admin/"
2017/03/26 07:54:59 [error] 32044#32044: *5 open() "/usr/share/nginx/8hour/app/the-dayz/the-dayz-server/static_cdn/suit/js/suit.js" failed (2: No such file or directory), client: 59.10.2.87, server: localhost, request: "GET /static/suit/js/suit.js HTTP/1.1", host: "8hourmakers.com", referrer: "http://8hourmakers.com/the_dayz/admin/login/?next=/the_dayz/admin/"
2017/03/26 07:55:00 [error] 32044#32044: *4 open() "/usr/share/nginx/8hour/app/the-dayz/the-dayz-server/static_cdn/suit/js/suit.js" failed (2: No such file or directory), client: 59.10.2.87, server: localhost, request: "GET /static/suit/js/suit.js HTTP/1.1", host: "8hourmakers.com", referrer: "http://8hourmakers.com/the_dayz/admin/login/?next=/the_dayz/admin/"
2017/03/26 07:58:36 [error] 32119#32119: *17 open() "/8hour/app/impeachment-d-day/web/build/favicon.ico" failed (2: No such file or directory), client: 52.90.33.223, server: localhost, request: "GET /favicon.ico HTTP/1.1", host: "8hourmakers.com", referrer: "https://slack.com"
2017/03/26 07:58:42 [error] 32119#32119: *22 open() "/8hour/app/impeachment-d-day/web/build/favicon.ico" failed (2: No such file or directory), client: 59.10.2.87, server: localhost, request: "GET /favicon.ico HTTP/1.1", host: "8hourmakers.com", referrer: "http://8hourmakers.com/the_dayz/admin/login/?next=/the_dayz/admin/"
2017/03/26 08:45:29 [error] 32119#32119: *233 "/8hour/app/impeachment-d-day/web/build/admin/index.html" is not found (2: No such file or directory), client: 59.10.2.87, server: localhost, request: "GET /admin/ HTTP/1.1", host: "8hourmakers.com"
2017/03/26 08:45:36 [error] 32119#32119: *233 connect() failed (111: Connection refused) while connecting to upstream, client: 59.10.2.87, server: localhost, request: "GET /the_dayz/admin/ HTTP/1.1", upstream: "http://127.0.0.1:8000/the_dayz/admin/", host: "8hourmakers.com"
2017/03/26 08:45:39 [error] 32119#32119: *233 open() "/8hour/app/the-dayz/web/dist/admin" failed (2: No such file or directory), client: 59.10.2.87, server: localhost, request: "GET /the_dayz/admin HTTP/1.1", host: "8hourmakers.com"
2017/03/26 08:46:10 [error] 32119#32119: *233 open() "/8hour/app/the-dayz/web/dist/admin" failed (2: No such file or directory), client: 59.10.2.87, server: localhost, request: "GET /the_dayz/admin HTTP/1.1", host: "8hourmakers.com"
2017/03/26 08:46:14 [error] 32119#32119: *233 open() "/8hour/app/the-dayz/web/dist/admin" failed (2: No such file or directory), client: 59.10.2.87, server: localhost, request: "GET /the_dayz/admin HTTP/1.1", host: "8hourmakers.com"
2017/03/26 08:59:28 [error] 32119#32119: *354 open() "/8hour/app/impeachment-d-day/web/build/favicon.ico" failed (2: No such file or directory), client: 59.10.2.87, server: localhost, request: "GET /favicon.ico HTTP/1.1", host: "8hourmakers.com", referrer: "http://8hourmakers.com/the_dayz/admin/login/?next=/the_dayz/admin/"
2017/03/26 09:20:27 [error] 32119#32119: *373 open() "/8hour/app/impeachment-d-day/web/build/portal/client/cms/viewcmspage.action" failed (2: No such file or directory), client: 80.120.146.11, server: localhost, request: "GET /portal/client/cms/viewcmspage.action HTTP/1.1", host: "52.79.192.240"
2017/03/26 09:20:28 [error] 32119#32119: *374 open() "/8hour/app/impeachment-d-day/web/build/admin/agent/default.action" failed (2: No such file or directory), client: 80.120.146.11, server: localhost, request: "GET /admin/agent/default.action HTTP/1.1", host: "52.79.192.240"
2017/03/26 09:20:28 [error] 32119#32119: *375 open() "/8hour/app/impeachment-d-day/web/build/vportal/web/gateway/home.action" failed (2: No such file or directory), client: 80.120.146.11, server: localhost, request: "GET /vportal/web/gateway/home.action HTTP/1.1", host: "52.79.192.240"
2017/03/26 09:20:29 [error] 32119#32119: *376 open() "/8hour/app/impeachment-d-day/web/build/struts2_2.3.15.1-showcase/showcase.action" failed (2: No such file or directory), client: 80.120.146.11, server: localhost, request: "GET /struts2_2.3.15.1-showcase/showcase.action HTTP/1.1", host: "52.79.192.240"
2017/03/26 09:20:30 [error] 32119#32119: *377 open() "/8hour/app/impeachment-d-day/web/build/struts2-showcase/login.action" failed (2: No such file or directory), client: 80.120.146.11, server: localhost, request: "GET /struts2-showcase/login.action HTTP/1.1", host: "52.79.192.240"
2017/03/26 09:20:30 [error] 32119#32119: *378 open() "/8hour/app/impeachment-d-day/web/build/struts/login.action" failed (2: No such file or directory), client: 80.120.146.11, server: localhost, request: "GET /struts/login.action HTTP/1.1", host: "52.79.192.240"
2017/03/26 09:20:31 [error] 32119#32119: *379 open() "/8hour/app/impeachment-d-day/web/build/struts2/login.action" failed (2: No such file or directory), client: 80.120.146.11, server: localhost, request: "GET /struts2/login.action HTTP/1.1", host: "52.79.192.240"
2017/03/26 09:20:32 [error] 32119#32119: *380 open() "/8hour/app/impeachment-d-day/web/build/web/Index.action" failed (2: No such file or directory), client: 80.120.146.11, server: localhost, request: "GET /web/Index.action HTTP/1.1", host: "52.79.192.240"
2017/03/26 10:01:25 [error] 32119#32119: *388 open() "/8hour/app/impeachment-d-day/web/build/robots.txt" failed (2: No such file or directory), client: 77.88.47.97, server: localhost, request: "GET /robots.txt HTTP/1.1", host: "www.pleasetanhack.com"
2017/03/26 11:26:29 [alert] 32119#32119: *524 open socket #18 left in connection 10
2017/03/26 11:26:29 [alert] 32119#32119: *523 open socket #14 left in connection 11
2017/03/26 11:26:29 [alert] 32119#32119: aborting
2017/03/26 11:31:08 [error] 895#895: *8 directory index of "/8hour/app/the-dayz/" is forbidden, client: 59.10.2.87, server: www.rememberdayz.com, request: "GET / HTTP/1.1", host: "52.79.192.240"
2017/03/26 11:31:08 [error] 895#895: *8 open() "/8hour/app/the-dayz/favicon.ico" failed (2: No such file or directory), client: 59.10.2.87, server: www.rememberdayz.com, request: "GET /favicon.ico HTTP/1.1", host: "52.79.192.240", referrer: "http://52.79.192.240/"
2017/03/26 11:36:09 [error] 1035#1035: *4 "/8hour/app/the-dayz/socket.io/index.php" is not found (2: No such file or directory), client: 59.10.2.87, server: www.rememberdayz.com, request: "GET /socket.io/?EIO=3&transport=polling&t=LiAPku2 HTTP/1.1", host: "pleasetanhack.com", referrer: "http://pleasetanhack.com/"
2017/03/26 11:36:09 [error] 1035#1035: *5 open() "/8hour/app/the-dayz/impeachment_d_day/api/comment" failed (2: No such file or directory), client: 59.10.2.87, server: www.rememberdayz.com, request: "GET /impeachment_d_day/api/comment HTTP/1.1", host: "pleasetanhack.com", referrer: "http://pleasetanhack.com/"
2017/03/26 11:36:09 [error] 1035#1035: *5 open() "/8hour/app/the-dayz/assets/favicon-16x16.png" failed (2: No such file or directory), client: 59.10.2.87, server: www.rememberdayz.com, request: "GET /assets/favicon-16x16.png HTTP/1.1", host: "pleasetanhack.com", referrer: "http://pleasetanhack.com/"
2017/03/26 11:36:10 [error] 1035#1035: *5 "/8hour/app/the-dayz/socket.io/index.php" is not found (2: No such file or directory), client: 59.10.2.87, server: www.rememberdayz.com, request: "GET /socket.io/?EIO=3&transport=polling&t=LiAPlEq HTTP/1.1", host: "pleasetanhack.com", referrer: "http://pleasetanhack.com/"
2017/03/26 11:36:13 [error] 1035#1035: *5 "/8hour/app/the-dayz/socket.io/index.php" is not found (2: No such file or directory), client: 59.10.2.87, server: www.rememberdayz.com, request: "GET /socket.io/?EIO=3&transport=polling&t=LiAPlyn HTTP/1.1", host: "pleasetanhack.com", referrer: "http://pleasetanhack.com/"
2017/03/26 11:36:17 [error] 1035#1035: *5 "/8hour/app/the-dayz/socket.io/index.php" is not found (2: No such file or directory), client: 59.10.2.87, server: www.rememberdayz.com, request: "GET /socket.io/?EIO=3&transport=polling&t=LiAPmu_ HTTP/1.1", host: "pleasetanhack.com", referrer: "http://pleasetanhack.com/"
2017/03/26 11:38:17 [error] 1035#1035: *10 "/8hour/app/the-dayz/socket.io/index.php" is not found (2: No such file or directory), client: 59.10.2.87, server: www.rememberdayz.com, request: "GET /socket.io/?EIO=3&transport=polling&t=LiAQEC1 HTTP/1.1", host: "pleasetanhack.com", referrer: "http://pleasetanhack.com/"
2017/03/26 11:38:17 [error] 1035#1035: *11 open() "/8hour/app/the-dayz/impeachment_d_day/api/impeachment" failed (2: No such file or directory), client: 59.10.2.87, server: www.rememberdayz.com, request: "GET /impeachment_d_day/api/impeachment HTTP/1.1", host: "pleasetanhack.com", referrer: "http://pleasetanhack.com/"
2017/03/26 11:38:17 [error] 1035#1035: *12 open() "/8hour/app/the-dayz/impeachment_d_day/api/comment" failed (2: No such file or directory), client: 59.10.2.87, server: www.rememberdayz.com, request: "GET /impeachment_d_day/api/comment HTTP/1.1", host: "pleasetanhack.com", referrer: "http://pleasetanhack.com/"
2017/03/26 11:38:17 [error] 1035#1035: *11 open() "/8hour/app/the-dayz/impeachment_d_day/api/impeachment" failed (2: No such file or directory), client: 59.10.2.87, server: www.rememberdayz.com, request: "GET /impeachment_d_day/api/impeachment HTTP/1.1", host: "pleasetanhack.com", referrer: "http://pleasetanhack.com/"
2017/03/26 11:38:19 [error] 1035#1035: *11 "/8hour/app/the-dayz/socket.io/index.php" is not found (2: No such file or directory), client: 59.10.2.87, server: www.rememberdayz.com, request: "GET /socket.io/?EIO=3&transport=polling&t=LiAQEYi HTTP/1.1", host: "pleasetanhack.com", referrer: "http://pleasetanhack.com/"
2017/03/26 11:38:20 [error] 1035#1035: *11 "/8hour/app/the-dayz/socket.io/index.php" is not found (2: No such file or directory), client: 59.10.2.87, server: www.rememberdayz.com, request: "GET /socket.io/?EIO=3&transport=polling&t=LiAQEzn HTTP/1.1", host: "pleasetanhack.com", referrer: "http://pleasetanhack.com/"
2017/03/26 11:38:23 [error] 1035#1035: *11 "/8hour/app/the-dayz/socket.io/index.php" is not found (2: No such file or directory), client: 59.10.2.87, server: www.rememberdayz.com, request: "GET /socket.io/?EIO=3&transport=polling&t=LiAQFYT HTTP/1.1", host: "pleasetanhack.com", referrer: "http://pleasetanhack.com/"
2017/03/26 11:38:29 [error] 1035#1035: *11 "/8hour/app/the-dayz/socket.io/index.php" is not found (2: No such file or directory), client: 59.10.2.87, server: www.rememberdayz.com, request: "GET /socket.io/?EIO=3&transport=polling&t=LiAQGyb HTTP/1.1", host: "pleasetanhack.com", referrer: "http://pleasetanhack.com/"
2017/03/26 11:38:36 [error] 1035#1035: *11 "/8hour/app/the-dayz/socket.io/index.php" is not found (2: No such file or directory), client: 59.10.2.87, server: www.rememberdayz.com, request: "GET /socket.io/?EIO=3&transport=polling&t=LiAQIg_ HTTP/1.1", host: "pleasetanhack.com", referrer: "http://pleasetanhack.com/"
2017/03/26 11:38:42 [error] 1035#1035: *11 "/8hour/app/the-dayz/socket.io/index.php" is not found (2: No such file or directory), client: 59.10.2.87, server: www.rememberdayz.com, request: "GET /socket.io/?EIO=3&transport=polling&t=LiAQKJC HTTP/1.1", host: "pleasetanhack.com", referrer: "http://pleasetanhack.com/"
2017/03/26 11:38:49 [error] 1035#1035: *11 "/8hour/app/the-dayz/socket.io/index.php" is not found (2: No such file or directory), client: 59.10.2.87, server: www.rememberdayz.com, request: "GET /socket.io/?EIO=3&transport=polling&t=LiAQLu5 HTTP/1.1", host: "pleasetanhack.com", referrer: "http://pleasetanhack.com/"
2017/03/26 11:38:55 [error] 1035#1035: *11 "/8hour/app/the-dayz/socket.io/index.php" is not found (2: No such file or directory), client: 59.10.2.87, server: www.rememberdayz.com, request: "GET /socket.io/?EIO=3&transport=polling&t=LiAQNK7 HTTP/1.1", host: "pleasetanhack.com", referrer: "http://pleasetanhack.com/"
2017/03/26 11:39:01 [error] 1035#1035: *11 "/8hour/app/the-dayz/socket.io/index.php" is not found (2: No such file or directory), client: 59.10.2.87, server: www.rememberdayz.com, request: "GET /socket.io/?EIO=3&transport=polling&t=LiAQOnh HTTP/1.1", host: "pleasetanhack.com", referrer: "http://pleasetanhack.com/"
2017/03/26 11:39:07 [error] 1035#1035: *11 "/8hour/app/the-dayz/socket.io/index.php" is not found (2: No such file or directory), client: 59.10.2.87, server: www.rememberdayz.com, request: "GET /socket.io/?EIO=3&transport=polling&t=LiAQQFK HTTP/1.1", host: "pleasetanhack.com", referrer: "http://pleasetanhack.com/"
2017/03/26 11:39:13 [error] 1035#1035: *11 "/8hour/app/the-dayz/socket.io/index.php" is not found (2: No such file or directory), client: 59.10.2.87, server: www.rememberdayz.com, request: "GET /socket.io/?EIO=3&transport=polling&t=LiAQRj5 HTTP/1.1", host: "pleasetanhack.com", referrer: "http://pleasetanhack.com/"
2017/03/26 11:39:19 [error] 1035#1035: *11 "/8hour/app/the-dayz/socket.io/index.php" is not found (2: No such file or directory), client: 59.10.2.87, server: www.rememberdayz.com, request: "GET /socket.io/?EIO=3&transport=polling&t=LiAQTAz HTTP/1.1", host: "pleasetanhack.com", referrer: "http://pleasetanhack.com/"
2017/03/26 11:39:25 [error] 1035#1035: *11 "/8hour/app/the-dayz/socket.io/index.php" is not found (2: No such file or directory), client: 59.10.2.87, server: www.rememberdayz.com, request: "GET /socket.io/?EIO=3&transport=polling&t=LiAQUee HTTP/1.1", host: "pleasetanhack.com", referrer: "http://pleasetanhack.com/"
2017/03/26 11:39:31 [error] 1035#1035: *11 "/8hour/app/the-dayz/socket.io/index.php" is not found (2: No such file or directory), client: 59.10.2.87, server: www.rememberdayz.com, request: "GET /socket.io/?EIO=3&transport=polling&t=LiAQW6O HTTP/1.1", host: "pleasetanhack.com", referrer: "http://pleasetanhack.com/"
2017/03/26 11:39:37 [error] 1035#1035: *11 "/8hour/app/the-dayz/socket.io/index.php" is not found (2: No such file or directory), client: 59.10.2.87, server: www.rememberdayz.com, request: "GET /socket.io/?EIO=3&transport=polling&t=LiAQXa8 HTTP/1.1", host: "pleasetanhack.com", referrer: "http://pleasetanhack.com/"
2017/03/26 11:39:43 [error] 1035#1035: *11 "/8hour/app/the-dayz/socket.io/index.php" is not found (2: No such file or directory), client: 59.10.2.87, server: www.rememberdayz.com, request: "GET /socket.io/?EIO=3&transport=polling&t=LiAQZCJ HTTP/1.1", host: "pleasetanhack.com", referrer: "http://pleasetanhack.com/"
2017/03/26 11:39:50 [error] 1035#1035: *11 "/8hour/app/the-dayz/socket.io/index.php" is not found (2: No such file or directory), client: 59.10.2.87, server: www.rememberdayz.com, request: "GET /socket.io/?EIO=3&transport=polling&t=LiAQalK HTTP/1.1", host: "pleasetanhack.com", referrer: "http://pleasetanhack.com/"
2017/03/26 11:39:56 [error] 1035#1035: *11 "/8hour/app/the-dayz/socket.io/index.php" is not found (2: No such file or directory), client: 59.10.2.87, server: www.rememberdayz.com, request: "GET /socket.io/?EIO=3&transport=polling&t=LiAQcCy HTTP/1.1", host: "pleasetanhack.com", referrer: "http://pleasetanhack.com/"
2017/03/26 11:40:02 [error] 1035#1035: *11 "/8hour/app/the-dayz/socket.io/index.php" is not found (2: No such file or directory), client: 59.10.2.87, server: www.rememberdayz.com, request: "GET /socket.io/?EIO=3&transport=polling&t=LiAQdhS HTTP/1.1", host: "pleasetanhack.com", referrer: "http://pleasetanhack.com/"
2017/03/26 11:40:08 [error] 1035#1035: *11 "/8hour/app/the-dayz/socket.io/index.php" is not found (2: No such file or directory), client: 59.10.2.87, server: www.rememberdayz.com, request: "GET /socket.io/?EIO=3&transport=polling&t=LiAQf8h HTTP/1.1", host: "pleasetanhack.com", referrer: "http://pleasetanhack.com/"
2017/03/26 11:40:14 [error] 1035#1035: *11 "/8hour/app/the-dayz/socket.io/index.php" is not found (2: No such file or directory), client: 59.10.2.87, server: www.rememberdayz.com, request: "GET /socket.io/?EIO=3&transport=polling&t=LiAQgmh HTTP/1.1", host: "pleasetanhack.com", referrer: "http://pleasetanhack.com/"
2017/03/26 11:40:21 [error] 1035#1035: *11 "/8hour/app/the-dayz/socket.io/index.php" is not found (2: No such file or directory), client: 59.10.2.87, server: www.rememberdayz.com, request: "GET /socket.io/?EIO=3&transport=polling&t=LiAQiJf HTTP/1.1", host: "pleasetanhack.com", referrer: "http://pleasetanhack.com/"
2017/03/26 11:40:27 [error] 1035#1035: *11 "/8hour/app/the-dayz/socket.io/index.php" is not found (2: No such file or directory), client: 59.10.2.87, server: www.rememberdayz.com, request: "GET /socket.io/?EIO=3&transport=polling&t=LiAQjnM HTTP/1.1", host: "pleasetanhack.com", referrer: "http://pleasetanhack.com/"
2017/03/26 11:40:33 [error] 1035#1035: *11 "/8hour/app/the-dayz/socket.io/index.php" is not found (2: No such file or directory), client: 59.10.2.87, server: www.rememberdayz.com, request: "GET /socket.io/?EIO=3&transport=polling&t=LiAQlF2 HTTP/1.1", host: "pleasetanhack.com", referrer: "http://pleasetanhack.com/"
2017/03/26 11:40:39 [error] 1035#1035: *11 "/8hour/app/the-dayz/socket.io/index.php" is not found (2: No such file or directory), client: 59.10.2.87, server: www.rememberdayz.com, request: "GET /socket.io/?EIO=3&transport=polling&t=LiAQmiv HTTP/1.1", host: "pleasetanhack.com", referrer: "http://pleasetanhack.com/"
2017/03/26 11:40:45 [error] 1035#1035: *11 "/8hour/app/the-dayz/socket.io/index.php" is not found (2: No such file or directory), client: 59.10.2.87, server: www.rememberdayz.com, request: "GET /socket.io/?EIO=3&transport=polling&t=LiAQoAX HTTP/1.1", host: "pleasetanhack.com", referrer: "http://pleasetanhack.com/"
2017/03/26 11:40:51 [error] 1035#1035: *11 "/8hour/app/the-dayz/socket.io/index.php" is not found (2: No such file or directory), client: 59.10.2.87, server: www.rememberdayz.com, request: "GET /socket.io/?EIO=3&transport=polling&t=LiAQpeN HTTP/1.1", host: "pleasetanhack.com", referrer: "http://pleasetanhack.com/"
2017/03/26 11:40:57 [error] 1035#1035: *11 "/8hour/app/the-dayz/socket.io/index.php" is not found (2: No such file or directory), client: 59.10.2.87, server: www.rememberdayz.com, request: "GET /socket.io/?EIO=3&transport=polling&t=LiAQr68 HTTP/1.1", host: "pleasetanhack.com", referrer: "http://pleasetanhack.com/"
2017/03/26 11:41:03 [error] 1035#1035: *11 "/8hour/app/the-dayz/socket.io/index.php" is not found (2: No such file or directory), client: 59.10.2.87, server: www.rememberdayz.com, request: "GET /socket.io/?EIO=3&transport=polling&t=LiAQsZu HTTP/1.1", host: "pleasetanhack.com", referrer: "http://pleasetanhack.com/"
2017/03/26 11:41:09 [error] 1035#1035: *11 "/8hour/app/the-dayz/socket.io/index.php" is not found (2: No such file or directory), client: 59.10.2.87, server: www.rememberdayz.com, request: "GET /socket.io/?EIO=3&transport=polling&t=LiAQu1d HTTP/1.1", host: "pleasetanhack.com", referrer: "http://pleasetanhack.com/"
2017/03/26 11:41:15 [error] 1035#1035: *11 "/8hour/app/the-dayz/socket.io/index.php" is not found (2: No such file or directory), client: 59.10.2.87, server: www.rememberdayz.com, request: "GET /socket.io/?EIO=3&transport=polling&t=LiAQvVQ HTTP/1.1", host: "pleasetanhack.com", referrer: "http://pleasetanhack.com/"
2017/03/26 11:41:21 [error] 1035#1035: *11 "/8hour/app/the-dayz/socket.io/index.php" is not found (2: No such file or directory), client: 59.10.2.87, server: www.rememberdayz.com, request: "GET /socket.io/?EIO=3&transport=polling&t=LiAQwz7 HTTP/1.1", host: "pleasetanhack.com", referrer: "http://pleasetanhack.com/"
2017/03/26 11:41:27 [error] 1035#1035: *11 "/8hour/app/the-dayz/socket.io/index.php" is not found (2: No such file or directory), client: 59.10.2.87, server: www.rememberdayz.com, request: "GET /socket.io/?EIO=3&transport=polling&t=LiAQyQu HTTP/1.1", host: "pleasetanhack.com", referrer: "http://pleasetanhack.com/"
2017/03/26 11:41:33 [error] 1035#1035: *11 "/8hour/app/the-dayz/socket.io/index.php" is not found (2: No such file or directory), client: 59.10.2.87, server: www.rememberdayz.com, request: "GET /socket.io/?EIO=3&transport=polling&t=LiAQzuk HTTP/1.1", host: "pleasetanhack.com", referrer: "http://pleasetanhack.com/"
2017/03/26 11:41:39 [error] 1035#1035: *11 "/8hour/app/the-dayz/socket.io/index.php" is not found (2: No such file or directory), client: 59.10.2.87, server: www.rememberdayz.com, request: "GET /socket.io/?EIO=3&transport=polling&t=LiAQ_MJ HTTP/1.1", host: "pleasetanhack.com", referrer: "http://pleasetanhack.com/"
2017/03/26 11:43:26 [error] 1380#1380: *14 open() "/8hour/app/impeachment-d-day/web/build/api/impeachment" failed (2: No such file or directory), client: 59.10.2.87, server: www.pleasetanhack.com, request: "GET /impeachment_d_day/api/impeachment HTTP/1.1", host: "www.pleasetanhack.com", referrer: "http://www.pleasetanhack.com/"
2017/03/26 11:43:26 [error] 1380#1380: *15 open() "/8hour/app/impeachment-d-day/web/build/api/impeachment" failed (2: No such file or directory), client: 59.10.2.87, server: www.pleasetanhack.com, request: "GET /impeachment_d_day/api/impeachment HTTP/1.1", host: "www.pleasetanhack.com", referrer: "http://www.pleasetanhack.com/"
2017/03/26 11:43:26 [error] 1380#1380: *14 open() "/8hour/app/impeachment-d-day/web/build/api/comment" failed (2: No such file or directory), client: 59.10.2.87, server: www.pleasetanhack.com, request: "GET /impeachment_d_day/api/comment HTTP/1.1", host: "www.pleasetanhack.com", referrer: "http://www.pleasetanhack.com/"
2017/03/26 11:43:46 [error] 1380#1380: *17 open() "/8hour/app/impeachment-d-day/web/build/api/impeachment" failed (2: No such file or directory), client: 59.10.2.87, server: www.pleasetanhack.com, request: "GET /impeachment_d_day/api/impeachment HTTP/1.1", host: "www.pleasetanhack.com", referrer: "http://www.pleasetanhack.com/"
2017/03/26 11:43:46 [error] 1380#1380: *14 open() "/8hour/app/impeachment-d-day/web/build/api/impeachment" failed (2: No such file or directory), client: 59.10.2.87, server: www.pleasetanhack.com, request: "GET /impeachment_d_day/api/impeachment HTTP/1.1", host: "www.pleasetanhack.com", referrer: "http://www.pleasetanhack.com/"
2017/03/26 11:43:46 [error] 1380#1380: *7 open() "/8hour/app/impeachment-d-day/web/build/api/comment" failed (2: No such file or directory), client: 59.10.2.87, server: www.pleasetanhack.com, request: "GET /impeachment_d_day/api/comment HTTP/1.1", host: "www.pleasetanhack.com", referrer: "http://www.pleasetanhack.com/"
2017/03/26 11:44:15 [error] 1380#1380: *2 upstream timed out (110: Connection timed out) while reading response header from upstream, client: 59.10.2.87, server: www.pleasetanhack.com, request: "GET /socket.io/?EIO=3&transport=polling&t=LiARMmV&sid=8b092fb48d55493fb6574444f2a48294 HTTP/1.1", upstream: "http://127.0.0.1:8080/socket.io/?EIO=3&transport=polling&t=LiARMmV&sid=8b092fb48d55493fb6574444f2a48294", host: "www.pleasetanhack.com", referrer: "http://pleasetanhack.com/"
2017/03/26 11:44:40 [error] 1380#1380: *15 upstream timed out (110: Connection timed out) while reading response header from upstream, client: 59.10.2.87, server: www.pleasetanhack.com, request: "GET /socket.io/?EIO=3&transport=polling&t=LiARSxX&sid=8b092fb48d55493fb6574444f2a48294 HTTP/1.1", upstream: "http://127.0.0.1:8080/socket.io/?EIO=3&transport=polling&t=LiARSxX&sid=8b092fb48d55493fb6574444f2a48294", host: "www.pleasetanhack.com", referrer: "http://pleasetanhack.com/"
2017/03/26 11:45:17 [error] 1380#1380: *17 upstream timed out (110: Connection timed out) while reading response header from upstream, client: 59.10.2.87, server: www.pleasetanhack.com, request: "GET /socket.io/?EIO=3&transport=polling&t=LiARby_&sid=0580d91a98694b3db81165ba5781052d HTTP/1.1", upstream: "http://127.0.0.1:8080/socket.io/?EIO=3&transport=polling&t=LiARby_&sid=0580d91a98694b3db81165ba5781052d", host: "www.pleasetanhack.com", referrer: "http://pleasetanhack.com/"
2017/03/26 11:45:43 [error] 1380#1380: *15 upstream timed out (110: Connection timed out) while reading response header from upstream, client: 59.10.2.87, server: www.pleasetanhack.com, request: "GET /socket.io/?EIO=3&transport=polling&t=LiARiHN&sid=0580d91a98694b3db81165ba5781052d HTTP/1.1", upstream: "http://127.0.0.1:8080/socket.io/?EIO=3&transport=polling&t=LiARiHN&sid=0580d91a98694b3db81165ba5781052d", host: "www.pleasetanhack.com", referrer: "http://pleasetanhack.com/"
2017/03/26 11:46:20 [error] 1380#1380: *2 upstream timed out (110: Connection timed out) while reading response header from upstream, client: 59.10.2.87, server: www.pleasetanhack.com, request: "GET /socket.io/?EIO=3&transport=polling&t=LiARrJu&sid=e42adc8781e042a1a8b217870a7a71b5 HTTP/1.1", upstream: "http://127.0.0.1:8080/socket.io/?EIO=3&transport=polling&t=LiARrJu&sid=e42adc8781e042a1a8b217870a7a71b5", host: "www.pleasetanhack.com", referrer: "http://pleasetanhack.com/"
2017/03/26 11:46:45 [error] 1380#1380: *15 upstream timed out (110: Connection timed out) while reading response header from upstream, client: 59.10.2.87, server: www.pleasetanhack.com, request: "GET /socket.io/?EIO=3&transport=polling&t=LiARxcx&sid=e42adc8781e042a1a8b217870a7a71b5 HTTP/1.1", upstream: "http://127.0.0.1:8080/socket.io/?EIO=3&transport=polling&t=LiARxcx&sid=e42adc8781e042a1a8b217870a7a71b5", host: "www.pleasetanhack.com", referrer: "http://pleasetanhack.com/"
2017/03/26 11:46:54 [alert] 1380#1380: *2 open socket #11 left in connection 4
2017/03/26 11:46:54 [alert] 1380#1380: *50 open socket #17 left in connection 10
2017/03/26 11:46:54 [alert] 1380#1380: *30 open socket #25 left in connection 11
2017/03/26 11:46:54 [alert] 1380#1380: *48 open socket #19 left in connection 13
2017/03/26 11:46:54 [alert] 1380#1380: *17 open socket #15 left in connection 15
2017/03/26 11:46:54 [alert] 1380#1380: *28 open socket #21 left in connection 16
2017/03/26 11:46:54 [alert] 1380#1380: aborting
2017/03/26 11:47:05 [error] 1583#1583: *25 directory index of "/8hour/app/the-dayz/" is forbidden, client: 59.10.2.87, server: www.rememberdayz.com, request: "GET / HTTP/1.1", host: "www.rememberdayz.com"
2017/03/26 11:47:05 [error] 1583#1583: *25 open() "/8hour/app/the-dayz/favicon.ico" failed (2: No such file or directory), client: 59.10.2.87, server: www.rememberdayz.com, request: "GET /favicon.ico HTTP/1.1", host: "www.rememberdayz.com", referrer: "http://www.rememberdayz.com/"
2017/03/26 11:47:17 [error] 1583#1583: *25 open() "/8hour/app/the-dayz/web/dist" failed (2: No such file or directory), client: 59.10.2.87, server: www.rememberdayz.com, request: "GET /the_dayz HTTP/1.1", host: "www.rememberdayz.com"
2017/03/26 11:47:19 [error] 1583#1583: *25 "/8hour/app/the-dayz/web/dist/index.php" is not found (2: No such file or directory), client: 59.10.2.87, server: www.rememberdayz.com, request: "GET /the_dayz/ HTTP/1.1", host: "www.rememberdayz.com"
2017/03/26 11:47:55 [error] 1583#1583: *1 upstream timed out (110: Connection timed out) while reading response header from upstream, client: 59.10.2.87, server: www.pleasetanhack.com, request: "GET /socket.io/?EIO=3&transport=polling&t=LiAS4S7&sid=b700103060da4945b9238fa276a0556d HTTP/1.1", upstream: "http://127.0.0.1:8080/socket.io/?EIO=3&transport=polling&t=LiAS4S7&sid=b700103060da4945b9238fa276a0556d", host: "www.pleasetanhack.com", referrer: "http://pleasetanhack.com/"
2017/03/26 11:47:55 [error] 1583#1583: *3 upstream timed out (110: Connection timed out) while reading response header from upstream, client: 59.10.2.87, server: www.pleasetanhack.com, request: "GET /socket.io/?EIO=3&transport=polling&t=LiAS4Sg&sid=b700103060da4945b9238fa276a0556d HTTP/1.1", upstream: "http://127.0.0.1:8080/socket.io/?EIO=3&transport=polling&t=LiAS4Sg&sid=b700103060da4945b9238fa276a0556d", host: "www.pleasetanhack.com", referrer: "http://pleasetanhack.com/"
2017/03/26 11:48:09 [alert] 1583#1583: *18 open socket #19 left in connection 10
2017/03/26 11:48:09 [alert] 1583#1583: *22 open socket #23 left in connection 12
2017/03/26 11:48:09 [alert] 1583#1583: *23 open socket #24 left in connection 13
2017/03/26 11:48:09 [alert] 1583#1583: *35 open socket #27 left in connection 17
2017/03/26 11:48:09 [alert] 1583#1583: aborting
2017/03/26 11:48:12 [error] 1651#1651: *17 "/8hour/app/the-dayz/web/distindex.php" is not found (2: No such file or directory), client: 59.10.2.87, server: www.rememberdayz.com, request: "GET / HTTP/1.1", host: "www.rememberdayz.com"
2017/03/26 11:48:19 [error] 1651#1651: *17 "/8hour/app/the-dayz/web/distindex.php" is not found (2: No such file or directory), client: 59.10.2.87, server: www.rememberdayz.com, request: "GET / HTTP/1.1", host: "www.rememberdayz.com"
2017/03/26 11:48:20 [error] 1651#1651: *17 "/8hour/app/the-dayz/web/distindex.php" is not found (2: No such file or directory), client: 59.10.2.87, server: www.rememberdayz.com, request: "GET / HTTP/1.1", host: "www.rememberdayz.com"
2017/03/26 11:48:53 [error] 1651#1651: *17 "/8hour/app/the-dayz/web/distindex.php" is not found (2: No such file or directory), client: 59.10.2.87, server: www.rememberdayz.com, request: "GET / HTTP/1.1", host: "www.rememberdayz.com"
2017/03/26 11:49:01 [alert] 1651#1651: *2 open socket #11 left in connection 4
2017/03/26 11:49:01 [alert] 1651#1651: *3 open socket #15 left in connection 5
2017/03/26 11:49:01 [alert] 1651#1651: *4 open socket #16 left in connection 6
2017/03/26 11:49:01 [alert] 1651#1651: *8 open socket #17 left in connection 7
2017/03/26 11:49:01 [alert] 1651#1651: *9 open socket #18 left in connection 8
2017/03/26 11:49:01 [alert] 1651#1651: *16 open socket #22 left in connection 12
2017/03/26 11:49:01 [alert] 1651#1651: *21 open socket #23 left in connection 13
2017/03/26 11:49:01 [alert] 1651#1651: *20 open socket #19 left in connection 14
2017/03/26 11:49:01 [alert] 1651#1651: aborting
2017/03/26 11:49:02 [error] 1697#1697: *4 "/8hour/app/the-dayz/web/dist/index.html" is not found (2: No such file or directory), client: 59.10.2.87, server: www.rememberdayz.com, request: "GET / HTTP/1.1", host: "www.rememberdayz.com"
2017/03/26 11:49:07 [error] 1697#1697: *4 "/8hour/app/the-dayz/web/dist/index.html" is not found (2: No such file or directory), client: 59.10.2.87, server: www.rememberdayz.com, request: "GET / HTTP/1.1", host: "www.rememberdayz.com"
2017/03/26 11:50:01 [error] 1697#1697: *2 upstream timed out (110: Connection timed out) while reading response header from upstream, client: 59.10.2.87, server: www.pleasetanhack.com, request: "GET /socket.io/?EIO=3&transport=polling&t=LiAShRs&sid=7df1cc0ecb2e4d6d89486c509b83b33b HTTP/1.1", upstream: "http://127.0.0.1:8080/socket.io/?EIO=3&transport=polling&t=LiAShRs&sid=7df1cc0ecb2e4d6d89486c509b83b33b", host: "www.pleasetanhack.com", referrer: "http://pleasetanhack.com/"
2017/03/26 11:50:03 [error] 1697#1697: *11 upstream timed out (110: Connection timed out) while reading response header from upstream, client: 59.10.2.87, server: www.pleasetanhack.com, request: "GET /socket.io/?EIO=3&transport=polling&t=LiASho0&sid=7092e56ec19243d69a7cefa3b8ccf1cf HTTP/1.1", upstream: "http://127.0.0.1:8080/socket.io/?EIO=3&transport=polling&t=LiASho0&sid=7092e56ec19243d69a7cefa3b8ccf1cf", host: "www.pleasetanhack.com", referrer: "http://pleasetanhack.com/"
2017/03/26 11:50:27 [alert] 1697#1697: *2 open socket #11 left in connection 4
2017/03/26 11:50:27 [alert] 1697#1697: *23 open socket #23 left in connection 5
2017/03/26 11:50:27 [alert] 1697#1697: *5 open socket #17 left in connection 7
2017/03/26 11:50:27 [alert] 1697#1697: *9 open socket #18 left in connection 8
2017/03/26 11:50:27 [alert] 1697#1697: *10 open socket #19 left in connection 9
2017/03/26 11:50:27 [alert] 1697#1697: *18 open socket #22 left in connection 12
2017/03/26 11:50:27 [alert] 1697#1697: aborting
2017/03/26 11:51:27 [error] 1743#1743: *2 upstream timed out (110: Connection timed out) while reading response header from upstream, client: 59.10.2.87, server: www.pleasetanhack.com, request: "GET /socket.io/?EIO=3&transport=polling&t=LiASwpy&sid=6bc9e14f0f5d40f49a76f089eebe802b HTTP/1.1", upstream: "http://127.0.0.1:8080/socket.io/?EIO=3&transport=polling&t=LiASwpy&sid=6bc9e14f0f5d40f49a76f089eebe802b", host: "www.pleasetanhack.com", referrer: "http://pleasetanhack.com/"
2017/03/26 11:51:30 [error] 1743#1743: *1 upstream timed out (110: Connection timed out) while reading response header from upstream, client: 59.10.2.87, server: www.pleasetanhack.com, request: "GET /socket.io/?EIO=3&transport=polling&t=LiAT0zD&sid=6bc9e14f0f5d40f49a76f089eebe802b HTTP/1.1", upstream: "http://127.0.0.1:8080/socket.io/?EIO=3&transport=polling&t=LiAT0zD&sid=6bc9e14f0f5d40f49a76f089eebe802b", host: "www.pleasetanhack.com", referrer: "http://pleasetanhack.com/"
2017/03/26 11:52:30 [error] 1743#1743: *2 upstream timed out (110: Connection timed out) while reading response header from upstream, client: 59.10.2.87, server: www.pleasetanhack.com, request: "GET /socket.io/?EIO=3&transport=polling&t=LiATFgu&sid=9f89dfd472d6440ab1a0146ef448439c HTTP/1.1", upstream: "http://127.0.0.1:8080/socket.io/?EIO=3&transport=polling&t=LiATFgu&sid=9f89dfd472d6440ab1a0146ef448439c", host: "www.pleasetanhack.com", referrer: "http://pleasetanhack.com/"
2017/03/26 11:52:56 [error] 1743#1743: *1 upstream timed out (110: Connection timed out) while reading response header from upstream, client: 59.10.2.87, server: www.pleasetanhack.com, request: "GET /socket.io/?EIO=3&transport=polling&t=LiATL-s&sid=9f89dfd472d6440ab1a0146ef448439c HTTP/1.1", upstream: "http://127.0.0.1:8080/socket.io/?EIO=3&transport=polling&t=LiATL-s&sid=9f89dfd472d6440ab1a0146ef448439c", host: "www.pleasetanhack.com", referrer: "http://pleasetanhack.com/"
2017/03/26 11:53:22 [alert] 1743#1743: *1 open socket #10 left in connection 3
2017/03/26 11:53:22 [alert] 1743#1743: *8 open socket #16 left in connection 6
2017/03/26 11:53:22 [alert] 1743#1743: *9 open socket #17 left in connection 7
2017/03/26 11:53:22 [alert] 1743#1743: *27 open socket #20 left in connection 8
2017/03/26 11:53:22 [alert] 1743#1743: *28 open socket #21 left in connection 11
2017/03/26 11:53:22 [alert] 1743#1743: *29 open socket #18 left in connection 12
2017/03/26 11:53:22 [alert] 1743#1743: aborting
2017/03/26 11:53:24 [error] 1834#1834: *14 "/8hour/app/the-dayz/web/dist/index.html" is not found (2: No such file or directory), client: 59.10.2.87, server: www.rememberdayz.com, request: "GET / HTTP/1.1", host: "www.rememberdayz.com"
2017/03/26 11:53:24 [error] 1834#1834: *14 "/8hour/app/the-dayz/web/dist/index.html" is not found (2: No such file or directory), client: 59.10.2.87, server: www.rememberdayz.com, request: "GET / HTTP/1.1", host: "www.rememberdayz.com"
2017/03/26 11:53:29 [error] 1834#1834: *14 open() "/8hour/app/the-dayz/web/dist/admin" failed (2: No such file or directory), client: 59.10.2.87, server: www.rememberdayz.com, request: "GET /admin HTTP/1.1", host: "www.rememberdayz.com"
2017/03/26 11:54:22 [error] 1834#1834: *1 upstream timed out (110: Connection timed out) while reading response header from upstream, client: 59.10.2.87, server: www.pleasetanhack.com, request: "GET /socket.io/?EIO=3&transport=polling&t=LiATbOR&sid=3609999fe37a487b994d2e9c1c445f30 HTTP/1.1", upstream: "http://127.0.0.1:8080/socket.io/?EIO=3&transport=polling&t=LiATbOR&sid=3609999fe37a487b994d2e9c1c445f30", host: "www.pleasetanhack.com", referrer: "http://pleasetanhack.com/"
2017/03/26 11:54:23 [error] 1834#1834: *6 upstream timed out (110: Connection timed out) while reading response header from upstream, client: 59.10.2.87, server: www.pleasetanhack.com, request: "GET /socket.io/?EIO=3&transport=polling&t=LiAThGr&sid=3609999fe37a487b994d2e9c1c445f30 HTTP/1.1", upstream: "http://127.0.0.1:8080/socket.io/?EIO=3&transport=polling&t=LiAThGr&sid=3609999fe37a487b994d2e9c1c445f30", host: "www.pleasetanhack.com", referrer: "http://pleasetanhack.com/"
2017/03/26 11:54:25 [error] 1834#1834: *9 upstream timed out (110: Connection timed out) while reading response header from upstream, client: 59.10.2.87, server: www.pleasetanhack.com, request: "GET /socket.io/?EIO=3&transport=polling&t=LiAThie&sid=c9a024163b2e4513862b2f2e9550a05d HTTP/1.1", upstream: "http://127.0.0.1:8080/socket.io/?EIO=3&transport=polling&t=LiAThie&sid=c9a024163b2e4513862b2f2e9550a05d", host: "www.pleasetanhack.com", referrer: "http://pleasetanhack.com/"
2017/03/26 11:54:50 [error] 1834#1834: *4 upstream timed out (110: Connection timed out) while reading response header from upstream, client: 59.10.2.87, server: www.pleasetanhack.com, request: "GET /socket.io/?EIO=3&transport=polling&t=LiATn-X&sid=c9a024163b2e4513862b2f2e9550a05d HTTP/1.1", upstream: "http://127.0.0.1:8080/socket.io/?EIO=3&transport=polling&t=LiATn-X&sid=c9a024163b2e4513862b2f2e9550a05d", host: "www.pleasetanhack.com", referrer: "http://pleasetanhack.com/"
2017/03/26 11:54:58 [error] 1834#1834: *37 open() "/8hour/app/the-dayz/web/dist/favicon.ico" failed (2: No such file or directory), client: 54.89.92.4, server: www.rememberdayz.com, request: "GET /favicon.ico HTTP/1.1", host: "www.rememberdayz.com", referrer: "https://slack.com"
2017/03/26 11:55:28 [error] 1834#1834: *6 upstream timed out (110: Connection timed out) while reading response header from upstream, client: 59.10.2.87, server: www.pleasetanhack.com, request: "GET /socket.io/?EIO=3&transport=polling&t=LiATx6A&sid=5d7ba96d05d047f99341827b36a262d3 HTTP/1.1", upstream: "http://127.0.0.1:8080/socket.io/?EIO=3&transport=polling&t=LiATx6A&sid=5d7ba96d05d047f99341827b36a262d3", host: "www.pleasetanhack.com", referrer: "http://pleasetanhack.com/"
2017/03/26 11:55:53 [error] 1834#1834: *4 upstream timed out (110: Connection timed out) while reading response header from upstream, client: 59.10.2.87, server: www.pleasetanhack.com, request: "GET /socket.io/?EIO=3&transport=polling&t=LiAU1Mu&sid=5d7ba96d05d047f99341827b36a262d3 HTTP/1.1", upstream: "http://127.0.0.1:8080/socket.io/?EIO=3&transport=polling&t=LiAU1Mu&sid=5d7ba96d05d047f99341827b36a262d3", host: "www.pleasetanhack.com", referrer: "http://pleasetanhack.com/"
2017/03/26 11:56:29 [error] 1834#1834: *9 upstream timed out (110: Connection timed out) while reading response header from upstream, client: 59.10.2.87, server: www.pleasetanhack.com, request: "GET /socket.io/?EIO=3&transport=polling&t=LiAUA9p&sid=fa21833323ae42819cf97c9bc66957d9 HTTP/1.1", upstream: "http://127.0.0.1:8080/socket.io/?EIO=3&transport=polling&t=LiAUA9p&sid=fa21833323ae42819cf97c9bc66957d9", host: "www.pleasetanhack.com", referrer: "http://pleasetanhack.com/"
2017/03/26 11:56:55 [error] 1834#1834: *4 upstream timed out (110: Connection timed out) while reading response header from upstream, client: 59.10.2.87, server: www.pleasetanhack.com, request: "GET /socket.io/?EIO=3&transport=polling&t=LiAUGMz&sid=fa21833323ae42819cf97c9bc66957d9 HTTP/1.1", upstream: "http://127.0.0.1:8080/socket.io/?EIO=3&transport=polling&t=LiAUGMz&sid=fa21833323ae42819cf97c9bc66957d9", host: "www.pleasetanhack.com", referrer: "http://pleasetanhack.com/"
2017/03/26 11:57:33 [error] 1834#1834: *6 upstream timed out (110: Connection timed out) while reading response header from upstream, client: 59.10.2.87, server: www.pleasetanhack.com, request: "GET /socket.io/?EIO=3&transport=polling&t=LiAUPeI.0&sid=2e4e65f4ae0e4ca29e747d9139b043ad HTTP/1.1", upstream: "http://127.0.0.1:8080/socket.io/?EIO=3&transport=polling&t=LiAUPeI.0&sid=2e4e65f4ae0e4ca29e747d9139b043ad", host: "www.pleasetanhack.com", referrer: "http://pleasetanhack.com/"
2017/03/26 11:57:59 [error] 1834#1834: *4 upstream timed out (110: Connection timed out) while reading response header from upstream, client: 59.10.2.87, server: www.pleasetanhack.com, request: "GET /socket.io/?EIO=3&transport=polling&t=LiAUVz9&sid=2e4e65f4ae0e4ca29e747d9139b043ad HTTP/1.1", upstream: "http://127.0.0.1:8080/socket.io/?EIO=3&transport=polling&t=LiAUVz9&sid=2e4e65f4ae0e4ca29e747d9139b043ad", host: "www.pleasetanhack.com", referrer: "http://pleasetanhack.com/"
2017/03/26 11:58:36 [error] 1834#1834: *6 upstream timed out (110: Connection timed out) while reading response header from upstream, client: 59.10.2.87, server: www.pleasetanhack.com, request: "GET /socket.io/?EIO=3&transport=polling&t=LiAUe_k&sid=e9e2a73bb37b4474ba7f1029ccc889ca HTTP/1.1", upstream: "http://127.0.0.1:8080/socket.io/?EIO=3&transport=polling&t=LiAUe_k&sid=e9e2a73bb37b4474ba7f1029ccc889ca", host: "www.pleasetanhack.com", referrer: "http://pleasetanhack.com/"
2017/03/26 11:58:36 [error] 1834#1834: *9 upstream timed out (110: Connection timed out) while reading response header from upstream, client: 59.10.2.87, server: www.pleasetanhack.com, request: "GET /socket.io/?EIO=3&transport=polling&t=LiAUf0O&sid=e9e2a73bb37b4474ba7f1029ccc889ca HTTP/1.1", upstream: "http://127.0.0.1:8080/socket.io/?EIO=3&transport=polling&t=LiAUf0O&sid=e9e2a73bb37b4474ba7f1029ccc889ca", host: "www.pleasetanhack.com", referrer: "http://pleasetanhack.com/"
2017/03/26 11:59:38 [error] 1834#1834: *6 upstream timed out (110: Connection timed out) while reading response header from upstream, client: 59.10.2.87, server: www.pleasetanhack.com, request: "GET /socket.io/?EIO=3&transport=polling&t=LiAUu9K&sid=432714d89d9848bfa29f176ad4907e4a HTTP/1.1", upstream: "http://127.0.0.1:8080/socket.io/?EIO=3&transport=polling&t=LiAUu9K&sid=432714d89d9848bfa29f176ad4907e4a", host: "www.pleasetanhack.com", referrer: "http://pleasetanhack.com/"
2017/03/26 12:00:04 [error] 1834#1834: *9 upstream timed out (110: Connection timed out) while reading response header from upstream, client: 59.10.2.87, server: www.pleasetanhack.com, request: "GET /socket.io/?EIO=3&transport=polling&t=LiAU-UF&sid=432714d89d9848bfa29f176ad4907e4a HTTP/1.1", upstream: "http://127.0.0.1:8080/socket.io/?EIO=3&transport=polling&t=LiAU-UF&sid=432714d89d9848bfa29f176ad4907e4a", host: "www.pleasetanhack.com", referrer: "http://pleasetanhack.com/"
2017/03/26 12:00:41 [error] 1834#1834: *6 upstream timed out (110: Connection timed out) while reading response header from upstream, client: 59.10.2.87, server: www.pleasetanhack.com, request: "GET /socket.io/?EIO=3&transport=polling&t=LiAV7X9&sid=5a073963113f465db5d5cfb2d257b75d HTTP/1.1", upstream: "http://127.0.0.1:8080/socket.io/?EIO=3&transport=polling&t=LiAV7X9&sid=5a073963113f465db5d5cfb2d257b75d", host: "www.pleasetanhack.com", referrer: "http://pleasetanhack.com/"
2017/03/26 12:01:07 [error] 1834#1834: *9 upstream timed out (110: Connection timed out) while reading response header from upstream, client: 59.10.2.87, server: www.pleasetanhack.com, request: "GET /socket.io/?EIO=3&transport=polling&t=LiAVDsf&sid=5a073963113f465db5d5cfb2d257b75d HTTP/1.1", upstream: "http://127.0.0.1:8080/socket.io/?EIO=3&transport=polling&t=LiAVDsf&sid=5a073963113f465db5d5cfb2d257b75d", host: "www.pleasetanhack.com", referrer: "http://pleasetanhack.com/"
2017/03/26 12:01:44 [error] 1834#1834: *6 upstream timed out (110: Connection timed out) while reading response header from upstream, client: 59.10.2.87, server: www.pleasetanhack.com, request: "GET /socket.io/?EIO=3&transport=polling&t=LiAVMv8.0&sid=754b0ad93cb644b881fbbe687eab1ba3 HTTP/1.1", upstream: "http://127.0.0.1:8080/socket.io/?EIO=3&transport=polling&t=LiAVMv8.0&sid=754b0ad93cb644b881fbbe687eab1ba3", host: "www.pleasetanhack.com", referrer: "http://pleasetanhack.com/"
2017/03/26 12:02:10 [error] 1834#1834: *9 upstream timed out (110: Connection timed out) while reading response header from upstream, client: 59.10.2.87, server: www.pleasetanhack.com, request: "GET /socket.io/?EIO=3&transport=polling&t=LiAVTEx&sid=754b0ad93cb644b881fbbe687eab1ba3 HTTP/1.1", upstream: "http://127.0.0.1:8080/socket.io/?EIO=3&transport=polling&t=LiAVTEx&sid=754b0ad93cb644b881fbbe687eab1ba3", host: "www.pleasetanhack.com", referrer: "http://pleasetanhack.com/"
2017/03/26 12:02:47 [error] 1834#1834: *81 upstream timed out (110: Connection timed out) while reading response header from upstream, client: 59.10.2.87, server: www.pleasetanhack.com, request: "GET /socket.io/?EIO=3&transport=polling&t=LiAVcHm&sid=bb4bc0ce6b1843d1938d701e975ba1c9 HTTP/1.1", upstream: "http://127.0.0.1:8080/socket.io/?EIO=3&transport=polling&t=LiAVcHm&sid=bb4bc0ce6b1843d1938d701e975ba1c9", host: "www.pleasetanhack.com", referrer: "http://pleasetanhack.com/"
2017/03/26 12:03:13 [error] 1834#1834: *9 upstream timed out (110: Connection timed out) while reading response header from upstream, client: 59.10.2.87, server: www.pleasetanhack.com, request: "GET /socket.io/?EIO=3&transport=polling&t=LiAVidC&sid=bb4bc0ce6b1843d1938d701e975ba1c9 HTTP/1.1", upstream: "http://127.0.0.1:8080/socket.io/?EIO=3&transport=polling&t=LiAVidC&sid=bb4bc0ce6b1843d1938d701e975ba1c9", host: "www.pleasetanhack.com", referrer: "http://pleasetanhack.com/"
2017/03/26 12:03:49 [error] 1834#1834: *81 upstream timed out (110: Connection timed out) while reading response header from upstream, client: 59.10.2.87, server: www.pleasetanhack.com, request: "GET /socket.io/?EIO=3&transport=polling&t=LiAVrQ7&sid=6362ff6de1d848c19fa21ddd04b8df22 HTTP/1.1", upstream: "http://127.0.0.1:8080/socket.io/?EIO=3&transport=polling&t=LiAVrQ7&sid=6362ff6de1d848c19fa21ddd04b8df22", host: "www.pleasetanhack.com", referrer: "http://pleasetanhack.com/"
2017/03/26 12:03:49 [error] 1834#1834: *6 upstream timed out (110: Connection timed out) while reading response header from upstream, client: 59.10.2.87, server: www.pleasetanhack.com, request: "GET /socket.io/?EIO=3&transport=polling&t=LiAVrQT&sid=6362ff6de1d848c19fa21ddd04b8df22 HTTP/1.1", upstream: "http://127.0.0.1:8080/socket.io/?EIO=3&transport=polling&t=LiAVrQT&sid=6362ff6de1d848c19fa21ddd04b8df22", host: "www.pleasetanhack.com", referrer: "http://pleasetanhack.com/"
2017/03/26 12:04:51 [error] 1834#1834: *81 upstream timed out (110: Connection timed out) while reading response header from upstream, client: 59.10.2.87, server: www.pleasetanhack.com, request: "GET /socket.io/?EIO=3&transport=polling&t=LiAW4Yw&sid=66e72270fcf548278d4aa8abd82db0ef HTTP/1.1", upstream: "http://127.0.0.1:8080/socket.io/?EIO=3&transport=polling&t=LiAW4Yw&sid=66e72270fcf548278d4aa8abd82db0ef", host: "www.pleasetanhack.com", referrer: "http://pleasetanhack.com/"
2017/03/26 12:04:51 [error] 1834#1834: *6 upstream timed out (110: Connection timed out) while reading response header from upstream, client: 59.10.2.87, server: www.pleasetanhack.com, request: "GET /socket.io/?EIO=3&transport=polling&t=LiAW4ZF&sid=66e72270fcf548278d4aa8abd82db0ef HTTP/1.1", upstream: "http://127.0.0.1:8080/socket.io/?EIO=3&transport=polling&t=LiAW4ZF&sid=66e72270fcf548278d4aa8abd82db0ef", host: "www.pleasetanhack.com", referrer: "http://pleasetanhack.com/"
2017/03/26 12:05:54 [error] 1834#1834: *81 upstream timed out (110: Connection timed out) while reading response header from upstream, client: 59.10.2.87, server: www.pleasetanhack.com, request: "GET /socket.io/?EIO=3&transport=polling&t=LiAWJxT&sid=8cd06119f3a24e99a91fe8f7430075dd HTTP/1.1", upstream: "http://127.0.0.1:8080/socket.io/?EIO=3&transport=polling&t=LiAWJxT&sid=8cd06119f3a24e99a91fe8f7430075dd", host: "www.pleasetanhack.com", referrer: "http://pleasetanhack.com/"
